COVID-19: MATCH (categories=10)
Chikungunya: MATCH (categories=2)
Cholera: MATCH (categories=1)
Dengue: MATCH (categories=1)
Diphtheria: MATCH (categories=2)
Ebola: MATCH (categories=1)
HPV: MATCH (categories=18)
HepA: MATCH (categories=12)
HepB: MATCH (categories=31)
Hib: MATCH (categories=8)
Influenza: MATCH (categories=1)
JE: MATCH (categories=2)
Measles: MATCH (categories=4)
Meningococcal B: MATCH (categories=6)
Meningococcal: MATCH (categories=5)
Mumps: MATCH (categories=4)
Orthopoxvirus: MATCH (categories=4)
Pertussis: MATCH (categories=3)
Pneumococcal: MATCH (categories=32)
Polio: MATCH (categories=7)
RSV: MATCH (categories=5)
Rabies: MATCH (categories=3)
Rotavirus: MATCH (categories=4)
Rubella: MATCH (categories=4)
TBE: MATCH (categories=2)
Tetanus: MATCH (categories=2)
Typhoid: MATCH (categories=1)
Varicella: MATCH (categories=2)
YF: MATCH (categories=1)
Zoster: MATCH (categories=3)
30 workbooks, 0 not matching. /home/grey/dev/fhir/cicada/cicada_generator/results/excel_vs_xml.tsv
