FHIR IG Publisher Version 2.1.0 (Git# c044f39673af). Built 2026-02-03T21:34:10.972Z (215 days old)  
Detected Java version: 17.0.20 from /usr/lib/jvm/java-17-openjdk-amd64 on Linux/amd64 (64bit). 14992MB available
dir = /home/grey/dev/fhir/cicada/cicada_ig, path = /home/grey/flutter/bin:/home/grey/.local/bin:/usr/local/sbin:/usr/local/bin:/usr/sbin:/usr/bin:/sbin:/bin:/usr/games:/usr/local/games:/snap/bin
Parameters: -ig . -no-narrative ValueSet/vaccine-condition-codes-snomed                             
Character encoding = UTF-8 / UTF-8                                                                  
Start Clock @ Sunday, September 6, 2026 at 7:59:55 PM Eastern Daylight Time (2026-09-06T19:59:55-04:00)
                                                                                                    
Build FHIR IG from /home/grey/dev/fhir/cicada/cicada_ig/.                                            (00:00.033 / 00:00.033, 67Mb)
API keys loaded from /home/grey/.fhir/fhir-settings.json                                             (00:00.004 / 00:00.038, 67Mb)
Package Cache: /home/grey/.fhir/packages                                                             (00:00.006 / 00:00.044, 67Mb)
Run Sushi on /home/grey/dev/fhir/cicada/cicada_ig                                                    (00:00.031 / 00:00.076, 67Mb)
Sushi: info  Running SUSHI v3.20.0 (implements FHIR Shorthand specification v3.0.0)                  (00:01.589 / 00:01.669, 69Mb)
Sushi: info  Arguments:                                                                              (00:00.004 / 00:01.670, 69Mb)
Sushi: info    --out /home/grey/dev/fhir/cicada/cicada_ig                                            (00:00.004 / 00:01.675, 69Mb)
Sushi: info    /home/grey/dev/fhir/cicada/cicada_ig                                                  (00:00.004 / 00:01.680, 69Mb)
Sushi: info  Using configuration file: /home/grey/dev/fhir/cicada/cicada_ig/sushi-config.yaml        (00:01.468 / 00:03.148, 69Mb)
Sushi: info  Importing FSH text...                                                                   (00:00.273 / 00:03.421, 69Mb)
Sushi: info  Preprocessed 33 documents with 0 aliases.                                               (00:01.125 / 00:04.547, 69Mb)
Sushi: info  Imported 71 definitions and 2 instances.                                                (00:00.163 / 00:04.710, 69Mb)
Sushi: info  Loaded virtual package sushi-r5forR4#1.0.0 with 7 resources                             (00:00.225 / 00:04.936, 69Mb)
Sushi: info  Resolved hl7.fhir.uv.tools.r4#latest to concrete version 1.1.2                          (00:00.965 / 00:05.902, 69Mb)
Sushi: info  Loaded hl7.fhir.uv.tools.r4#1.1.2 with 119 resources                                    (00:00.138 / 00:06.040, 69Mb)
Sushi: info  Resolved hl7.terminology.r4#latest to concrete version 7.3.0                            (00:00.496 / 00:06.537, 69Mb)
Sushi: info  Loaded hl7.terminology.r4#7.3.0 with 4176 resources                                     (00:01.925 / 00:08.463, 69Mb)
Sushi: info  Loaded hl7.fhir.us.immds#1.0.0 with 14 resources                                        (00:00.008 / 00:08.471, 69Mb)
Sushi: info  Loaded hl7.fhir.r4.core#4.0.1 with 4581 resources                                       (00:01.331 / 00:09.803, 69Mb)
Sushi: info  Resolved hl7.fhir.uv.extensions.r4#latest to concrete version 5.3.0                     (00:00.492 / 00:10.295, 69Mb)
Sushi: info  Loaded hl7.fhir.uv.extensions.r4#5.3.0 with 885 resources                               (00:00.305 / 00:10.600, 69Mb)
Sushi: info  Loaded virtual package sushi-local#LOCAL with 2 resources                               (00:00.063 / 00:10.664, 69Mb)
Sushi: info  Converting FSH to FHIR resources...                                                     (00:00.018 / 00:10.682, 69Mb)
Sushi: info  Converted 38 FHIR StructureDefinitions.                                                 (00:03.632 / 00:14.314, 69Mb)
Sushi: info  Converted 12 FHIR CodeSystems.                                                          (00:00.284 / 00:14.598, 69Mb)
Sushi: info  Converted 21 FHIR ValueSets.                                                            (00:00.605 / 00:15.204, 69Mb)
Sushi: info  Converted 2 FHIR instances.                                                             (00:06.597 / 00:21.802, 69Mb)
Sushi: info  Exporting FHIR resources as JSON...                                                     (00:00.003 / 00:21.805, 69Mb)
Sushi: info  Exported 73 FHIR resources as JSON.                                                     (00:00.192 / 00:21.997, 69Mb)
Sushi: info  Assembling Implementation Guide sources...                                              (00:00.009 / 00:22.006, 69Mb)
Sushi: info  Generated ImplementationGuide-cicada.ig.json                                            (00:00.053 / 00:22.060, 69Mb)
Sushi: info  Assembled Implementation Guide sources; ready for IG Publisher.                         (00:00.000 / 00:22.060, 69Mb)
Sushi: info  The _build script hosted at https://github.com/HL7/ig-publisher-scripts is useful for downloading and running the IG Publisher. (00:00.000 / 00:22.061, 69Mb)
Sushi: ========================= SUSHI RESULTS ===========================                           (00:00.002 / 00:22.063, 69Mb)
Sushi: |  -------------------------------------------------------------  |                           (00:00.000 / 00:22.063, 69Mb)
Sushi: | |    Profiles   |  Extensions  |   Logicals   |   Resources   | |                           (00:00.000 / 00:22.064, 69Mb)
Sushi: | |-------------------------------------------------------------| |                           (00:00.000 / 00:22.064, 69Mb)
Sushi: | |      12       |      24      |      2       |       0       | |                           (00:00.000 / 00:22.065, 69Mb)
Sushi: |  -------------------------------------------------------------  |                           (00:00.000 / 00:22.065, 69Mb)
Sushi: |  -------------------------------------------------------------  |                           (00:00.000 / 00:22.065, 69Mb)
Sushi: | |      ValueSets     |    CodeSystems    |     Instances      | |                           (00:00.000 / 00:22.065, 69Mb)
Sushi: | |-------------------------------------------------------------| |                           (00:00.000 / 00:22.066, 69Mb)
Sushi: | |         21         |        12         |         2          | |                           (00:00.000 / 00:22.067, 69Mb)
Sushi: |  -------------------------------------------------------------  |                           (00:00.000 / 00:22.067, 69Mb)
Sushi: |                                                                 |                           (00:00.000 / 00:22.068, 69Mb)
Sushi: ===================================================================                           (00:00.000 / 00:22.069, 69Mb)
Sushi: | O-fish-ally error free!                0 Errors      0 Warnings |                           (00:00.000 / 00:22.069, 69Mb)
Sushi: ===================================================================                           (00:00.000 / 00:22.070, 69Mb)
Sushi: |    You are using SUSHI version 3.20.0, but the latest stable    |                           (00:00.000 / 00:22.070, 69Mb)
Sushi: | release is version 3.20.1. To install the latest release, run:  |                           (00:00.000 / 00:22.071, 69Mb)
Sushi: |                    npm install -g fsh-sushi                     |                           (00:00.001 / 00:22.072, 69Mb)
Sushi: ===================================================================                           (00:00.000 / 00:22.072, 69Mb)
Root directory: /home/grey/dev/fhir/cicada/cicada_ig                                                 (00:00.049 / 00:22.122, 70Mb)
Unable to load IG as an r5 IG - try R4 (property code is a class com.google.gson.JsonPrimitive looking for an object) (00:00.902 / 00:23.025, 60Mb)
Load Template from fhir.base.template#current                                                        (00:00.869 / 00:23.895, 81Mb)
Scanning directory: /home/grey/dev/fhir/cicada/cicada_ig/template
======================================================================
Terminology Cache is at /home/grey/dev/fhir/cicada/cicada_ig/input-cache/txcache. 20 files in cache  (00:05.363 / 00:29.258, 147Mb)
Core Package hl7.fhir.r4.core#4.0.1                                                                  (00:00.001 / 00:29.260, 147Mb)
Running Terminology Log: /tmp/ohfu-fhir-ig-13891158213734343134.html
Connect to Terminology Server at http://tx.fhir.org                                                  (00:07.784 / 00:37.045, 337Mb)
[39mLoad Package hl7.fhir.pubpack#0.2.4
[0;39m[39mLoad Package hl7.fhir.xver-extensions#0.1.0
[0;39m[39mLoad Package hl7.terminology.r4#7.3.0
[0;39m[39mLoad Package hl7.fhir.uv.extensions.r4#5.3.0
[0;39m[39mLoad Package hl7.fhir.us.core#3.1.0
[0;39m[39mLoad Package hl7.fhir.us.immds#1.0.0
[0;39m[39mLoad Package hl7.fhir.uv.tools.r4#0.9.0
[0;39mLoad R5 Specials
Cannot find or generate snapshot for base definition http://hl7.org/fhir/StructureDefinition/CanonicalResource from http://hl7.org/fhir/StructureDefinition/TestCases
Initialization complete                                                                              (00:07.955 / 00:45.000, 648Mb)
Load IG                                                                                              (00:00.000 / 00:45.000, 648Mb)
Load Content                                                                                         (00:00.004 / 00:45.005, 649Mb)
Using en-US as the default narrative language. (no language information in Implementation Guide)     (00:00.170 / 00:45.175, 358Mb)
Error loading /home/grey/dev/fhir/cicada/cicada_ig/input/maps/MapVaccineCodes.map as XML: Content is not allowed in prolog. at line 0 col 0 (00:01.015 / 00:46.191, 416Mb)
Error loading /home/grey/dev/fhir/cicada/cicada_ig/input/maps/MapVaccineCodes.map as JSON: Error parsing JSON source: Unexpected content at start of JSON: String at Line 1 (path=[map]) (00:00.005 / 00:46.196, 416Mb)
Error loading /home/grey/dev/fhir/cicada/cicada_ig/input/maps/MapVaccineCodes.map as Turtle: Unknown prefix map (00:00.011 / 00:46.207, 420Mb)
Process Loaded Resources                                                                             (00:00.844 / 00:47.051, 596Mb)
Generating Snapshots                                                                                 (00:01.203 / 00:48.255, 569Mb)

Signing Certificate: RSA key for Subject: OU=IG Publisher, L=Ann Arbor, CN=hl7.org, O=HL7, ST=Missouri, C=us from: OU=IG Publisher, L=Ann Arbor, CN=hl7.org, O=HL7, ST=Missouri, C=us
Fetch http://fhirfli.dev/fhir/ig/cicada/package-list.json for version check                          (00:02.104 / 00:50.360, 997Mb)
Checking Language                                                                                    (00:00.380 / 00:50.740, 1009Mb)
Load Dependency Info                                                                                 (00:00.003 / 00:50.744, 1009Mb)
Load Info                                                                                            (00:00.003 / 00:50.747, 1009Mb)
Load Paths                                                                                           (00:00.002 / 00:50.750, 1017Mb)
Check R4 / R4B                                                                                       (00:00.000 / 00:50.751, 1017Mb)
Assign Comparison Ids                                                                                (00:00.161 / 00:50.912, 1Gb)
Propagating status                                                                                   (00:00.001 / 00:50.913, 1Gb)
Generating Narratives                                                                                (00:00.000 / 00:50.914, 1Gb)
Validating Conformance Resources                                                                     (00:02.756 / 00:53.671, 1Gb)
Check profiles & code systems                                                                        (09:44.738 / 10:38.409, 1Gb)
Check realm rules                                                                                    (00:00.007 / 10:38.417, 1Gb)
Previous Version Comparison                                                                          (00:00.000 / 10:38.417, 1Gb)
Checking for Bundles to sign                                                                         (00:00.054 / 10:38.472, 1Gb)
Validating Resources                                                                                 (00:00.000 / 10:38.473, 1Gb)
Processing Provenance Records                                                                        (00:00.922 / 10:39.395, 1Gb)
Generating Outputs in /home/grey/dev/fhir/cicada/cicada_ig/output                                    (00:00.000 / 10:39.395, 1Gb)
Generate Native Outputs                                                                              (00:00.838 / 10:40.234, 1Gb)
Run Template                                                                                         (00:32.604 / 11:12.838, 1Gb)
Generate HTML Outputs                                                                                (00:01.334 / 11:14.173, 688Mb)
Generate Spreadsheets                                                                                (01:13.139 / 12:27.313, 1Gb)
Generate Summaries                                                                                   (00:07.155 / 12:34.468, 956Mb)
Generating Summary Outputs                                                                           (00:00.000 / 12:34.469, 956Mb)
DB Cumulative Time invested: 00:01:17.68
Sending Usage Stats to Server                                                                        (00:33.785 / 13:08.254, 837Mb)
## Memory (MB): Use = 844, Free = 1379, Total = 2224, Max = 14992                                    (00:00.011 / 13:08.265, 844Mb)
Reclaiming memory...                                                                                 (00:00.000 / 13:08.266, 844Mb)
## Memory (MB): Use = 603, Free = 1588, Total = 2192, Max = 14992                                    (00:00.488 / 13:08.754, 607Mb)
Run jekyll: jekyll build --destination "/home/grey/dev/fhir/cicada/cicada_ig/output" (in folder /home/grey/dev/fhir/cicada/cicada_ig/temp/pages) (00:00.003 / 13:08.757, 611Mb)
Troubleshooting Note: usual cases for Jekyll to fail are:                                            (00:00.000 / 13:08.758, 611Mb)
* A failure to produce a fragment that is already logged in the output above                         (00:00.001 / 13:08.760, 615Mb)
* A reference to a manually edited file that hasn't been provided                                    (00:00.000 / 13:08.760, 615Mb)
Jekyll: Source: /home/grey/dev/fhir/cicada/cicada_ig/temp/pages                                      (00:00.954 / 13:09.715, 627Mb)
Jekyll: Generating...                                                                                (00:00.002 / 13:09.718, 627Mb)
Jekyll: done in 6.183 seconds.                                                                       (00:06.179 / 13:15.900, 631Mb)
[39m
[0;39m[39mInstalling cicada.ig#dev
[0;39m[39m done.
[0;39mChecking Output HTML                                                                                 (00:10.035 / 13:25.933, 1Gb)
Processed /home/grey/dev/fhir/cicada/cicada_ig/output - % reduction = 99 (79668765 ==> 1564398)
found 1601 files                                                                                     (00:03.538 / 13:29.471, 1Gb)
........................................
........................................
  ... 1601 html files, 0 pages invalid xhtml (0%)                                                    (00:30.599 / 14:00.071, 1Gb)
  ... 325118 links, 0 broken links (0%)                                                              (00:00.000 / 14:00.071, 1Gb)
Generate fragment-usage-analysis.csv                                                                 (00:00.000 / 14:00.071, 1Gb)
Build final .zip                                                                                     (00:00.006 / 14:00.078, 1Gb)
Final .zip built                                                                                     (00:02.600 / 14:02.679, 1Gb)
Built. Times: loading: 00:05.735, generate: 13:20.070, narrative generation: 00:02.755, realm-rules: 00:00.000, previous-version: 00:00.000, jekyll: 00:07.205, validation: 09:44.998 (#77), template: 00:01.373 (#3) (00:08.132 / 14:10.811, 1Gb)
Generating QA                                                                                        (00:00.000 / 14:10.812, 1Gb)
Validation output in /home/grey/dev/fhir/cicada/cicada_ig/output/qa.html
Errors: 94, Warnings: 374, Info: 153, Broken Links: 0 (00:00.847 / 14:11.660, 1Gb)
Finished @ 9/6/26, 8:14 PM. Max Memory Used = 1Gb. Log file saved in /tmp/fhir-ig-publisher-tmp.log  (00:00.059 / 14:11.723, 1Gb)
