FHIR IG Publisher Version 2.1.0 (Git# c044f39673af). Built 2026-02-03T21:34:10.972Z (215 days old)  
Detected Java version: 17.0.20 from /usr/lib/jvm/java-17-openjdk-amd64 on Linux/amd64 (64bit). 14992MB available
dir = /home/grey/dev/fhir/cicada/cicada_ig, path = /home/grey/flutter/bin:/home/grey/.local/bin:/usr/local/sbin:/usr/local/bin:/usr/sbin:/usr/bin:/sbin:/bin:/usr/games:/usr/local/games:/snap/bin
Parameters: -ig . -no-narrative ValueSet/vaccine-condition-codes-snomed                             
Character encoding = UTF-8 / UTF-8                                                                  
Start Clock @ Sunday, September 6, 2026 at 7:22:09 PM Eastern Daylight Time (2026-09-06T19:22:09-04:00)
                                                                                                    
Build FHIR IG from /home/grey/dev/fhir/cicada/cicada_ig/.                                            (00:00.077 / 00:00.079, 67Mb)
API keys loaded from /home/grey/.fhir/fhir-settings.json                                             (00:00.009 / 00:00.086, 67Mb)
Package Cache: /home/grey/.fhir/packages                                                             (00:00.009 / 00:00.096, 67Mb)
Run Sushi on /home/grey/dev/fhir/cicada/cicada_ig                                                    (00:00.037 / 00:00.134, 67Mb)
Sushi: info  Running SUSHI v3.20.0 (implements FHIR Shorthand specification v3.0.0)                  (00:04.027 / 00:04.161, 69Mb)
Sushi: info  Arguments:                                                                              (00:00.003 / 00:04.164, 69Mb)
Sushi: info    --out /home/grey/dev/fhir/cicada/cicada_ig                                            (00:00.002 / 00:04.167, 69Mb)
Sushi: info    /home/grey/dev/fhir/cicada/cicada_ig                                                  (00:00.003 / 00:04.174, 69Mb)
Sushi: info  Using configuration file: /home/grey/dev/fhir/cicada/cicada_ig/sushi-config.yaml        (00:03.049 / 00:07.220, 69Mb)
Sushi: info  Importing FSH text...                                                                   (00:00.396 / 00:07.616, 69Mb)
Sushi: info  Preprocessed 32 documents with 0 aliases.                                               (00:01.666 / 00:09.283, 69Mb)
Sushi: info  Imported 70 definitions and 2 instances.                                                (00:00.222 / 00:09.505, 69Mb)
Sushi: info  Loaded virtual package sushi-r5forR4#1.0.0 with 7 resources                             (00:00.348 / 00:09.854, 69Mb)
Sushi: info  Resolved hl7.fhir.uv.tools.r4#latest to concrete version 1.1.2                          (00:00.920 / 00:10.774, 69Mb)
Sushi: info  Loaded hl7.fhir.uv.tools.r4#1.1.2 with 119 resources                                    (00:00.357 / 00:11.132, 69Mb)
Sushi: info  Resolved hl7.terminology.r4#latest to concrete version 7.3.0                            (00:00.534 / 00:11.666, 69Mb)
Sushi: info  Loaded hl7.terminology.r4#7.3.0 with 4176 resources                                     (00:05.896 / 00:17.563, 69Mb)
Sushi: info  Loaded hl7.fhir.us.immds#1.0.0 with 14 resources                                        (00:00.019 / 00:17.582, 69Mb)
Sushi: info  Loaded hl7.fhir.r4.core#4.0.1 with 4581 resources                                       (00:03.531 / 00:21.114, 69Mb)
Sushi: info  Resolved hl7.fhir.uv.extensions.r4#latest to concrete version 5.3.0                     (00:00.490 / 00:21.604, 69Mb)
Sushi: info  Loaded hl7.fhir.uv.extensions.r4#5.3.0 with 885 resources                               (00:00.509 / 00:22.114, 69Mb)
Sushi: info  Loaded virtual package sushi-local#LOCAL with 2 resources                               (00:00.015 / 00:22.129, 69Mb)
Sushi: info  Converting FSH to FHIR resources...                                                     (00:00.013 / 00:22.142, 69Mb)
Sushi: info  Converted 38 FHIR StructureDefinitions.                                                 (00:01.850 / 00:23.994, 69Mb)
Sushi: info  Converted 11 FHIR CodeSystems.                                                          (00:00.110 / 00:24.103, 69Mb)
Sushi: info  Converted 21 FHIR ValueSets.                                                            (00:00.336 / 00:24.440, 69Mb)
Sushi: info  Converted 2 FHIR instances.                                                             (00:03.955 / 00:28.396, 69Mb)
Sushi: info  Exporting FHIR resources as JSON...                                                     (00:00.001 / 00:28.397, 69Mb)
Sushi: info  Exported 72 FHIR resources as JSON.                                                     (00:00.137 / 00:28.534, 69Mb)
Sushi: info  Assembling Implementation Guide sources...                                              (00:00.003 / 00:28.538, 69Mb)
Sushi: info  Generated ImplementationGuide-cicada.ig.json                                            (00:00.083 / 00:28.621, 69Mb)
Sushi: info  Assembled Implementation Guide sources; ready for IG Publisher.                         (00:00.000 / 00:28.622, 69Mb)
Sushi: info  The _build script hosted at https://github.com/HL7/ig-publisher-scripts is useful for downloading and running the IG Publisher. (00:00.000 / 00:28.622, 69Mb)
Sushi: ========================= SUSHI RESULTS ===========================                           (00:00.001 / 00:28.624, 69Mb)
Sushi: |  -------------------------------------------------------------  |                           (00:00.000 / 00:28.624, 69Mb)
Sushi: | |    Profiles   |  Extensions  |   Logicals   |   Resources   | |                           (00:00.000 / 00:28.625, 69Mb)
Sushi: | |-------------------------------------------------------------| |                           (00:00.000 / 00:28.625, 69Mb)
Sushi: | |      12       |      24      |      2       |       0       | |                           (00:00.000 / 00:28.625, 69Mb)
Sushi: |  -------------------------------------------------------------  |                           (00:00.000 / 00:28.626, 69Mb)
Sushi: |  -------------------------------------------------------------  |                           (00:00.000 / 00:28.626, 69Mb)
Sushi: | |      ValueSets     |    CodeSystems    |     Instances      | |                           (00:00.000 / 00:28.626, 69Mb)
Sushi: | |-------------------------------------------------------------| |                           (00:00.000 / 00:28.626, 69Mb)
Sushi: | |         21         |        11         |         2          | |                           (00:00.000 / 00:28.627, 69Mb)
Sushi: |  -------------------------------------------------------------  |                           (00:00.000 / 00:28.627, 69Mb)
Sushi: |                                                                 |                           (00:00.000 / 00:28.627, 69Mb)
Sushi: ===================================================================                           (00:00.000 / 00:28.628, 69Mb)
Sushi: | Nice job! Are you hooked yet?          0 Errors      0 Warnings |                           (00:00.000 / 00:28.628, 69Mb)
Sushi: ===================================================================                           (00:00.000 / 00:28.628, 69Mb)
Sushi: |    You are using SUSHI version 3.20.0, but the latest stable    |                           (00:00.000 / 00:28.628, 69Mb)
Sushi: | release is version 3.20.1. To install the latest release, run:  |                           (00:00.000 / 00:28.629, 69Mb)
Sushi: |                    npm install -g fsh-sushi                     |                           (00:00.000 / 00:28.629, 69Mb)
Sushi: ===================================================================                           (00:00.000 / 00:28.629, 69Mb)
Root directory: /home/grey/dev/fhir/cicada/cicada_ig                                                 (00:00.024 / 00:28.653, 70Mb)
Unable to load IG as an r5 IG - try R4 (property code is a class com.google.gson.JsonPrimitive looking for an object) (00:00.869 / 00:29.523, 60Mb)
Load Template from fhir.base.template#current                                                        (00:00.715 / 00:30.239, 82Mb)
Scanning directory: /home/grey/dev/fhir/cicada/cicada_ig/template
======================================================================
Terminology Cache is at /home/grey/dev/fhir/cicada/cicada_ig/input-cache/txcache. 15 files in cache  (00:05.753 / 00:35.992, 169Mb)
Core Package hl7.fhir.r4.core#4.0.1                                                                  (00:00.001 / 00:35.994, 169Mb)
Running Terminology Log: /tmp/ohfu-fhir-ig-7915650255810903594.html
Connect to Terminology Server at http://tx.fhir.org                                                  (00:04.950 / 00:40.945, 589Mb)
[39mLoad Package hl7.fhir.pubpack#0.2.4
[0;39m[39mLoad Package hl7.fhir.xver-extensions#0.1.0
[0;39m[39mLoad Package hl7.terminology.r4#7.3.0
[0;39m[39mLoad Package hl7.fhir.uv.extensions.r4#5.3.0
[0;39m[39mLoad Package hl7.fhir.us.core#3.1.0
[0;39m[39mLoad Package hl7.fhir.us.immds#1.0.0
[0;39m[39mLoad Package hl7.fhir.uv.tools.r4#0.9.0
[0;39mLoad R5 Specials
Cannot find or generate snapshot for base definition http://hl7.org/fhir/StructureDefinition/CanonicalResource from http://hl7.org/fhir/StructureDefinition/TestCases
Initialization complete                                                                              (00:06.354 / 00:47.299, 495Mb)
Load IG                                                                                              (00:00.000 / 00:47.300, 495Mb)
Load Content                                                                                         (00:00.003 / 00:47.304, 497Mb)
Using en-US as the default narrative language. (no language information in Implementation Guide)     (00:00.061 / 00:47.365, 511Mb)
Error loading /home/grey/dev/fhir/cicada/cicada_ig/input/maps/MapVaccineCodes.map as XML: Content is not allowed in prolog. at line 0 col 0 (00:00.849 / 00:48.215, 559Mb)
Error loading /home/grey/dev/fhir/cicada/cicada_ig/input/maps/MapVaccineCodes.map as JSON: Error parsing JSON source: Unexpected content at start of JSON: String at Line 1 (path=[map]) (00:00.002 / 00:48.217, 559Mb)
Error loading /home/grey/dev/fhir/cicada/cicada_ig/input/maps/MapVaccineCodes.map as Turtle: Unknown prefix map (00:00.008 / 00:48.225, 559Mb)
Process Loaded Resources                                                                             (00:00.898 / 00:49.124, 703Mb)
Generating Snapshots                                                                                 (00:00.745 / 00:49.870, 499Mb)

Signing Certificate: RSA key for Subject: OU=IG Publisher, L=Ann Arbor, CN=hl7.org, O=HL7, ST=Missouri, C=us from: OU=IG Publisher, L=Ann Arbor, CN=hl7.org, O=HL7, ST=Missouri, C=us
Fetch http://fhirfli.dev/fhir/ig/cicada/package-list.json for version check                          (00:01.043 / 00:50.913, 483Mb)
Checking Language                                                                                    (00:00.436 / 00:51.349, 495Mb)
Load Dependency Info                                                                                 (00:00.001 / 00:51.351, 495Mb)
Load Info                                                                                            (00:00.003 / 00:51.354, 495Mb)
Load Paths                                                                                           (00:00.000 / 00:51.355, 497Mb)
Check R4 / R4B                                                                                       (00:00.000 / 00:51.355, 497Mb)
Assign Comparison Ids                                                                                (00:00.082 / 00:51.438, 543Mb)
Propagating status                                                                                   (00:00.001 / 00:51.439, 543Mb)
Generating Narratives                                                                                (00:00.000 / 00:51.439, 543Mb)
