FHIR IG Publisher Version 2.3.4 (Git# 7ae92f79415a). Built 2026-09-04T06:21:07.840Z (66 hours old)  
Detected Java version: 17.0.20 from /usr/lib/jvm/java-17-openjdk-amd64 on Linux/amd64 (64bit). 14992MB available
dir = /home/grey/dev/fhir/cicada/cicada_ig, path = /home/grey/flutter/bin:/home/grey/.local/bin:/usr/local/sbin:/usr/local/bin:/usr/sbin:/usr/bin:/sbin:/bin:/usr/games:/usr/local/games:/snap/bin
Parameters: -ig . -no-narrative ValueSet/vaccine-condition-codes-snomed                             
Character encoding = UTF-8 / UTF-8                                                                  
Start Clock @ Sunday, September 6, 2026 at 8:42:49 PM Eastern Daylight Time (2026-09-06T20:42:49-04:00)
                                                                                                    
Build FHIR IG from /home/grey/dev/fhir/cicada/cicada_ig/.                                            (00:00.020 / 00:00.020, 73Mb)
No FHIR settings file at /home/grey/.fhir/fhir-settings.json; using defaults (no API keys or npm path) (00:00.004 / 00:00.024, 73Mb)
Package Cache: /home/grey/.fhir/packages                                                             (00:00.003 / 00:00.028, 73Mb)
Run Sushi on /home/grey/dev/fhir/cicada/cicada_ig                                                    (00:00.008 / 00:00.036, 74Mb)
Sushi: info  Running SUSHI v3.20.0 (implements FHIR Shorthand specification v3.0.0)                  (00:00.643 / 00:00.679, 75Mb)
Sushi: info  Arguments:                                                                              (00:00.000 / 00:00.680, 75Mb)
Sushi: info    --out /home/grey/dev/fhir/cicada/cicada_ig                                            (00:00.000 / 00:00.680, 75Mb)
Sushi: info    /home/grey/dev/fhir/cicada/cicada_ig                                                  (00:00.000 / 00:00.681, 75Mb)
Sushi: info  Using configuration file: /home/grey/dev/fhir/cicada/cicada_ig/sushi-config.yaml        (00:00.677 / 00:01.358, 75Mb)
Sushi: info  Importing FSH text...                                                                   (00:00.113 / 00:01.471, 75Mb)
Sushi: info  Preprocessed 33 documents with 0 aliases.                                               (00:00.526 / 00:01.998, 75Mb)
Sushi: info  Imported 71 definitions and 2 instances.                                                (00:00.058 / 00:02.056, 75Mb)
Sushi: info  Loaded virtual package sushi-r5forR4#1.0.0 with 7 resources                             (00:00.097 / 00:02.154, 75Mb)
Sushi: info  Resolved hl7.fhir.uv.tools.r4#latest to concrete version 1.1.2                          (00:00.599 / 00:02.754, 75Mb)
Sushi: info  Loaded hl7.fhir.uv.tools.r4#1.1.2 with 119 resources                                    (00:00.050 / 00:02.804, 75Mb)
Sushi: info  Resolved hl7.terminology.r4#latest to concrete version 7.3.0                            (00:00.501 / 00:03.306, 75Mb)
Sushi: info  Loaded hl7.terminology.r4#7.3.0 with 4176 resources                                     (00:01.158 / 00:04.465, 75Mb)
Sushi: info  Loaded hl7.fhir.us.immds#1.0.0 with 14 resources                                        (00:00.005 / 00:04.470, 75Mb)
Sushi: info  Loaded hl7.fhir.r4.core#4.0.1 with 4581 resources                                       (00:00.953 / 00:05.424, 75Mb)
Sushi: info  Resolved hl7.fhir.uv.extensions.r4#latest to concrete version 5.3.0                     (00:00.508 / 00:05.932, 75Mb)
Sushi: info  Loaded hl7.fhir.uv.extensions.r4#5.3.0 with 885 resources                               (00:00.267 / 00:06.200, 75Mb)
Sushi: info  Loaded virtual package sushi-local#LOCAL with 3 resources                               (00:00.017 / 00:06.218, 75Mb)
Sushi: info  Converting FSH to FHIR resources...                                                     (00:00.015 / 00:06.233, 75Mb)
Sushi: info  Converted 38 FHIR StructureDefinitions.                                                 (00:01.822 / 00:08.055, 75Mb)
Sushi: info  Converted 12 FHIR CodeSystems.                                                          (00:00.110 / 00:08.165, 75Mb)
Sushi: info  Converted 21 FHIR ValueSets.                                                            (00:00.275 / 00:08.441, 75Mb)
Sushi: info  Converted 2 FHIR instances.                                                             (00:02.991 / 00:11.432, 75Mb)
Sushi: info  Exporting FHIR resources as JSON...                                                     (00:00.000 / 00:11.433, 75Mb)
Sushi: info  Exported 73 FHIR resources as JSON.                                                     (00:00.084 / 00:11.518, 75Mb)
Sushi: info  Assembling Implementation Guide sources...                                              (00:00.003 / 00:11.521, 75Mb)
Sushi: info  Generated ImplementationGuide-cicada.ig.json                                            (00:00.065 / 00:11.586, 75Mb)
Sushi: info  Assembled Implementation Guide sources; ready for IG Publisher.                         (00:00.000 / 00:11.587, 75Mb)
Sushi: info  The _build script hosted at https://github.com/HL7/ig-publisher-scripts is useful for downloading and running the IG Publisher. (00:00.000 / 00:11.587, 75Mb)
Sushi: ========================= SUSHI RESULTS ===========================                           (00:00.000 / 00:11.588, 75Mb)
Sushi: |  -------------------------------------------------------------  |                           (00:00.000 / 00:11.589, 75Mb)
Sushi: | |    Profiles   |  Extensions  |   Logicals   |   Resources   | |                           (00:00.000 / 00:11.589, 75Mb)
Sushi: | |-------------------------------------------------------------| |                           (00:00.000 / 00:11.590, 75Mb)
Sushi: | |      12       |      24      |      2       |       0       | |                           (00:00.000 / 00:11.590, 75Mb)
Sushi: |  -------------------------------------------------------------  |                           (00:00.000 / 00:11.590, 75Mb)
Sushi: |  -------------------------------------------------------------  |                           (00:00.000 / 00:11.591, 75Mb)
Sushi: | |      ValueSets     |    CodeSystems    |     Instances      | |                           (00:00.000 / 00:11.591, 75Mb)
Sushi: | |-------------------------------------------------------------| |                           (00:00.000 / 00:11.591, 75Mb)
Sushi: | |         21         |        12         |         2          | |                           (00:00.000 / 00:11.592, 75Mb)
Sushi: |  -------------------------------------------------------------  |                           (00:00.000 / 00:11.592, 75Mb)
Sushi: |                                                                 |                           (00:00.000 / 00:11.592, 75Mb)
Sushi: ===================================================================                           (00:00.000 / 00:11.593, 75Mb)
Sushi: | Catch of the day, right here!          0 Errors      0 Warnings |                           (00:00.000 / 00:11.593, 75Mb)
Sushi: ===================================================================                           (00:00.000 / 00:11.593, 75Mb)
Sushi: |    You are using SUSHI version 3.20.0, but the latest stable    |                           (00:00.000 / 00:11.593, 75Mb)
Sushi: | release is version 3.20.1. To install the latest release, run:  |                           (00:00.000 / 00:11.594, 75Mb)
Sushi: |                    npm install -g fsh-sushi                     |                           (00:00.000 / 00:11.594, 75Mb)
Sushi: ===================================================================                           (00:00.000 / 00:11.594, 75Mb)
Root directory: /home/grey/dev/fhir/cicada/cicada_ig                                                 (00:00.034 / 00:11.629, 76Mb)
Unable to load IG as an r5 IG - try R4 (property code is a class com.google.gson.JsonPrimitive looking for an object) (00:00.438 / 00:12.067, 71Mb)
Load Template from fhir.base.template#current                                                        (00:00.467 / 00:12.535, 74Mb)
[33mThis content depends on fhir.base.template which is no longer considered secure to use
[0;39m[33mSee Security notification at https://www.fhir.org/guides/security-notices/2026-03-npm-dependencies.html
[0;39mScanning directory: /home/grey/dev/fhir/cicada/cicada_ig/template
======================================================================
Terminology Cache is at /home/grey/dev/fhir/cicada/cicada_ig/input-cache/txcache. 18 files in cache  (00:05.029 / 00:17.565, 155Mb)
Core Package hl7.fhir.r4.core#4.0.1                                                                  (00:00.001 / 00:17.566, 155Mb)
Running Terminology Log: /tmp/ohfu-fhir-ig-6488206576711417083.html
Connect to Terminology Server at https://tx.fhir.org                                                 (00:06.220 / 00:23.786, 387Mb)
Publishing Content Failed: /home/grey/dev/fhir/cicada/cicada_ig/fsh-generated/resources/input/resources/Parameters-manifest.json (00:00.372 / 00:24.159, 394Mb)
                                                                                                     (00:00.000 / 00:24.159, 394Mb)
Use -? to get command line help                                                                      (00:00.000 / 00:24.160, 394Mb)
                                                                                                     (00:00.000 / 00:24.160, 394Mb)
Stack Dump (for debugging):                                                                          (00:00.000 / 00:24.160, 394Mb)
java.nio.file.NoSuchFileException: /home/grey/dev/fhir/cicada/cicada_ig/fsh-generated/resources/input/resources/Parameters-manifest.json
	at java.base/sun.nio.fs.UnixException.translateToIOException(UnixException.java:92)
	at java.base/sun.nio.fs.UnixException.rethrowAsIOException(UnixException.java:106)
	at java.base/sun.nio.fs.UnixException.rethrowAsIOException(UnixException.java:111)
	at java.base/sun.nio.fs.UnixFileSystemProvider.newByteChannel(UnixFileSystemProvider.java:218)
	at java.base/java.nio.file.Files.newByteChannel(Files.java:380)
	at java.base/java.nio.file.Files.newByteChannel(Files.java:432)
	at java.base/java.nio.file.Files.readAllBytes(Files.java:3288)
	at org.hl7.fhir.utilities.FileUtilities.fileToBytes(FileUtilities.java:126)
	at org.hl7.fhir.r4.formats.FormatUtilities.loadFile(FormatUtilities.java:183)
	at org.hl7.fhir.igtools.publisher.PublisherIGLoader.initializeFromIg(PublisherIGLoader.java:1040)
	at org.hl7.fhir.igtools.publisher.PublisherIGLoader.initialize(PublisherIGLoader.java:183)
	at org.hl7.fhir.igtools.publisher.Publisher.execute(Publisher.java:216)
	at org.hl7.fhir.igtools.publisher.Publisher.main(Publisher.java:1601)
