FHIR IG Publisher Version 2.1.0 (Git# c044f39673af). Built 2026-02-03T21:34:10.972Z (215 days old)  
Detected Java version: 17.0.20 from /usr/lib/jvm/java-17-openjdk-amd64 on Linux/amd64 (64bit). 14992MB available
dir = /home/grey/dev/fhir/cicada/cicada_ig, path = /home/grey/flutter/bin:/home/grey/.local/bin:/usr/local/sbin:/usr/local/bin:/usr/sbin:/usr/bin:/sbin:/bin:/usr/games:/usr/local/games:/snap/bin
Parameters: -ig . -no-narrative ValueSet/vaccine-condition-codes-snomed                             
Character encoding = UTF-8 / UTF-8                                                                  
Start Clock @ Sunday, September 6, 2026 at 8:22:08 PM Eastern Daylight Time (2026-09-06T20:22:08-04:00)
                                                                                                    
Build FHIR IG from /home/grey/dev/fhir/cicada/cicada_ig/.                                            (00:00.033 / 00:00.034, 67Mb)
API keys loaded from /home/grey/.fhir/fhir-settings.json                                             (00:00.004 / 00:00.038, 67Mb)
Package Cache: /home/grey/.fhir/packages                                                             (00:00.004 / 00:00.043, 67Mb)
Run Sushi on /home/grey/dev/fhir/cicada/cicada_ig                                                    (00:00.013 / 00:00.056, 68Mb)
Sushi: info  Running SUSHI v3.20.0 (implements FHIR Shorthand specification v3.0.0)                  (00:01.400 / 00:01.456, 70Mb)
Sushi: info  Arguments:                                                                              (00:00.000 / 00:01.457, 70Mb)
Sushi: info    --out /home/grey/dev/fhir/cicada/cicada_ig                                            (00:00.000 / 00:01.458, 70Mb)
Sushi: info    /home/grey/dev/fhir/cicada/cicada_ig                                                  (00:00.001 / 00:01.459, 70Mb)
Sushi: info  Using configuration file: /home/grey/dev/fhir/cicada/cicada_ig/sushi-config.yaml        (00:01.179 / 00:02.638, 70Mb)
Sushi: info  Importing FSH text...                                                                   (00:00.261 / 00:02.900, 70Mb)
Sushi: info  Preprocessed 33 documents with 0 aliases.                                               (00:00.780 / 00:03.680, 70Mb)
Sushi: info  Imported 71 definitions and 2 instances.                                                (00:00.126 / 00:03.807, 70Mb)
Sushi: info  Loaded virtual package sushi-r5forR4#1.0.0 with 7 resources                             (00:00.186 / 00:03.993, 70Mb)
Sushi: info  Resolved hl7.fhir.uv.tools.r4#latest to concrete version 1.1.2                          (00:00.790 / 00:04.784, 70Mb)
Sushi: info  Loaded hl7.fhir.uv.tools.r4#1.1.2 with 119 resources                                    (00:00.134 / 00:04.918, 70Mb)
Sushi: info  Resolved hl7.terminology.r4#latest to concrete version 7.3.0                            (00:00.495 / 00:05.413, 70Mb)
Sushi: info  Loaded hl7.terminology.r4#7.3.0 with 4176 resources                                     (00:01.924 / 00:07.338, 70Mb)
Sushi: info  Loaded hl7.fhir.us.immds#1.0.0 with 14 resources                                        (00:00.011 / 00:07.349, 70Mb)
Sushi: info  Loaded hl7.fhir.r4.core#4.0.1 with 4581 resources                                       (00:01.948 / 00:09.298, 70Mb)
Sushi: info  Resolved hl7.fhir.uv.extensions.r4#latest to concrete version 5.3.0                     (00:00.537 / 00:09.835, 70Mb)
Sushi: info  Loaded hl7.fhir.uv.extensions.r4#5.3.0 with 885 resources                               (00:00.399 / 00:10.234, 70Mb)
Sushi: info  Loaded virtual package sushi-local#LOCAL with 2 resources                               (00:00.026 / 00:10.261, 70Mb)
Sushi: info  Converting FSH to FHIR resources...                                                     (00:00.021 / 00:10.283, 70Mb)
Sushi: info  Converted 38 FHIR StructureDefinitions.                                                 (00:03.440 / 00:13.724, 70Mb)
Sushi: info  Converted 12 FHIR CodeSystems.                                                          (00:00.220 / 00:13.945, 70Mb)
Sushi: info  Converted 21 FHIR ValueSets.                                                            (00:00.554 / 00:14.498, 70Mb)
Sushi: info  Converted 2 FHIR instances.                                                             (00:05.149 / 00:19.648, 70Mb)
Sushi: info  Exporting FHIR resources as JSON...                                                     (00:00.002 / 00:19.650, 70Mb)
Sushi: info  Exported 73 FHIR resources as JSON.                                                     (00:00.151 / 00:19.802, 70Mb)
Sushi: info  Assembling Implementation Guide sources...                                              (00:00.006 / 00:19.809, 70Mb)
Sushi: info  Generated ImplementationGuide-cicada.ig.json                                            (00:00.089 / 00:19.898, 70Mb)
Sushi: info  Assembled Implementation Guide sources; ready for IG Publisher.                         (00:00.000 / 00:19.899, 70Mb)
Sushi: info  The _build script hosted at https://github.com/HL7/ig-publisher-scripts is useful for downloading and running the IG Publisher. (00:00.000 / 00:19.899, 70Mb)
Sushi: ========================= SUSHI RESULTS ===========================                           (00:00.003 / 00:19.903, 70Mb)
Sushi: |  -------------------------------------------------------------  |                           (00:00.000 / 00:19.904, 70Mb)
Sushi: | |    Profiles   |  Extensions  |   Logicals   |   Resources   | |                           (00:00.000 / 00:19.905, 70Mb)
Sushi: | |-------------------------------------------------------------| |                           (00:00.000 / 00:19.906, 70Mb)
Sushi: | |      12       |      24      |      2       |       0       | |                           (00:00.001 / 00:19.907, 70Mb)
Sushi: |  -------------------------------------------------------------  |                           (00:00.000 / 00:19.907, 70Mb)
Sushi: |  -------------------------------------------------------------  |                           (00:00.000 / 00:19.908, 70Mb)
Sushi: | |      ValueSets     |    CodeSystems    |     Instances      | |                           (00:00.000 / 00:19.908, 70Mb)
Sushi: | |-------------------------------------------------------------| |                           (00:00.000 / 00:19.908, 70Mb)
Sushi: | |         21         |        12         |         2          | |                           (00:00.000 / 00:19.909, 70Mb)
Sushi: |  -------------------------------------------------------------  |                           (00:00.000 / 00:19.910, 70Mb)
Sushi: |                                                                 |                           (00:00.000 / 00:19.911, 70Mb)
Sushi: ===================================================================                           (00:00.001 / 00:19.912, 70Mb)
Sushi: | You're sailing along smoothly.         0 Errors      0 Warnings |                           (00:00.000 / 00:19.912, 70Mb)
Sushi: ===================================================================                           (00:00.000 / 00:19.912, 70Mb)
Sushi: |    You are using SUSHI version 3.20.0, but the latest stable    |                           (00:00.000 / 00:19.913, 70Mb)
Sushi: | release is version 3.20.1. To install the latest release, run:  |                           (00:00.000 / 00:19.913, 70Mb)
Sushi: |                    npm install -g fsh-sushi                     |                           (00:00.000 / 00:19.913, 70Mb)
Sushi: ===================================================================                           (00:00.000 / 00:19.914, 70Mb)
Root directory: /home/grey/dev/fhir/cicada/cicada_ig                                                 (00:00.044 / 00:19.958, 71Mb)
Unable to load IG as an r5 IG - try R4 (property code is a class com.google.gson.JsonPrimitive looking for an object) (00:00.768 / 00:20.727, 60Mb)
Load Template from fhir.base.template#current                                                        (00:00.773 / 00:21.500, 81Mb)
Scanning directory: /home/grey/dev/fhir/cicada/cicada_ig/template
======================================================================
Terminology Cache is at /home/grey/dev/fhir/cicada/cicada_ig/input-cache/txcache. 0 files in cache   (00:04.669 / 00:26.170, 137Mb)
Core Package hl7.fhir.r4.core#4.0.1                                                                  (00:00.001 / 00:26.170, 137Mb)
Running Terminology Log: /tmp/ohfu-fhir-ig-3351274910568465143.html
Connect to Terminology Server at http://tx.fhir.org                                                  (00:05.512 / 00:31.683, 327Mb)
[39mLoad Package hl7.fhir.pubpack#0.2.4
[0;39m[39mLoad Package hl7.fhir.xver-extensions#0.1.0
[0;39m[39mLoad Package hl7.terminology.r4#7.3.0
[0;39m[39mLoad Package hl7.fhir.uv.extensions.r4#5.3.0
[0;39m[39mLoad Package hl7.fhir.us.core#3.1.0
[0;39m[39mLoad Package hl7.fhir.us.immds#1.0.0
[0;39m[39mLoad Package hl7.fhir.uv.tools.r4#0.9.0
[0;39mLoad R5 Specials
Cannot find or generate snapshot for base definition http://hl7.org/fhir/StructureDefinition/CanonicalResource from http://hl7.org/fhir/StructureDefinition/TestCases
Initialization complete                                                                              (00:08.118 / 00:39.801, 440Mb)
Load IG                                                                                              (00:00.000 / 00:39.802, 440Mb)
Load Content                                                                                         (00:00.003 / 00:39.805, 441Mb)
Using en-US as the default narrative language. (no language information in Implementation Guide)     (00:00.075 / 00:39.881, 452Mb)
Error loading /home/grey/dev/fhir/cicada/cicada_ig/input/maps/MapVaccineCodes.map as XML: Content is not allowed in prolog. at line 0 col 0 (00:00.810 / 00:40.691, 500Mb)
Error loading /home/grey/dev/fhir/cicada/cicada_ig/input/maps/MapVaccineCodes.map as JSON: Error parsing JSON source: Unexpected content at start of JSON: String at Line 1 (path=[map]) (00:00.002 / 00:40.695, 500Mb)
Error loading /home/grey/dev/fhir/cicada/cicada_ig/input/maps/MapVaccineCodes.map as Turtle: Unknown prefix map (00:00.008 / 00:40.702, 500Mb)
Process Loaded Resources                                                                             (00:00.722 / 00:41.424, 371Mb)
Generating Snapshots                                                                                 (00:00.825 / 00:42.250, 595Mb)

Signing Certificate: RSA key for Subject: OU=IG Publisher, L=Ann Arbor, CN=hl7.org, O=HL7, ST=Missouri, C=us from: OU=IG Publisher, L=Ann Arbor, CN=hl7.org, O=HL7, ST=Missouri, C=us
Fetch http://fhirfli.dev/fhir/ig/cicada/package-list.json for version check                          (00:01.048 / 00:43.298, 461Mb)
Checking Language                                                                                    (00:00.959 / 00:44.258, 472Mb)
Load Dependency Info                                                                                 (00:00.003 / 00:44.262, 472Mb)
Load Info                                                                                            (00:00.003 / 00:44.265, 472Mb)
Load Paths                                                                                           (00:00.001 / 00:44.267, 474Mb)
Check R4 / R4B                                                                                       (00:00.001 / 00:44.268, 474Mb)
Assign Comparison Ids                                                                                (00:00.124 / 00:44.393, 524Mb)
Propagating status                                                                                   (00:00.000 / 00:44.394, 524Mb)
Generating Narratives                                                                                (00:00.000 / 00:44.395, 524Mb)
