AntigenSupportingData- COVID-19-508.xlsx: MATCH
AntigenSupportingData- Chikungunya-508.xlsx: MATCH
AntigenSupportingData- Cholera-508.xlsx: MATCH
AntigenSupportingData- Dengue-508.xlsx: MATCH
AntigenSupportingData- Diphtheria-508.xlsx: MATCH
AntigenSupportingData- Ebola-508.xlsx: MATCH
AntigenSupportingData- HPV-508.xlsx: MATCH
AntigenSupportingData- HepA-508.xlsx: MATCH
AntigenSupportingData- HepB-508.xlsx: MATCH
AntigenSupportingData- Hib-508.xlsx: MATCH
AntigenSupportingData- Influenza-508.xlsx: MATCH
AntigenSupportingData- JE-508.xlsx: MATCH
AntigenSupportingData- Measles-508.xlsx: MATCH
AntigenSupportingData- Meningococcal B-508.xlsx: MATCH
AntigenSupportingData- Meningococcal-508.xlsx: MATCH
AntigenSupportingData- Mumps-508.xlsx: MATCH
AntigenSupportingData- Orthopoxvirus-508.xlsx: MATCH
AntigenSupportingData- Pertussis-508.xlsx: MATCH
AntigenSupportingData- Pneumococcal-508.xlsx: MATCH
AntigenSupportingData- Polio-508.xlsx: MATCH
AntigenSupportingData- RSV-508.xlsx: MATCH
AntigenSupportingData- Rabies-508.xlsx: MATCH
AntigenSupportingData- Rotavirus-508.xlsx: MATCH
AntigenSupportingData- Rubella-508.xlsx: MATCH
AntigenSupportingData- TBE-508.xlsx: MATCH
AntigenSupportingData- Tetanus-508.xlsx: MATCH
AntigenSupportingData- Typhoid-508.xlsx: MATCH
AntigenSupportingData- Varicella-508.xlsx: MATCH
AntigenSupportingData- YF-508.xlsx: MATCH
AntigenSupportingData- Zoster-508.xlsx: MATCH
30 workbooks, 0 not round-tripping.
