COVID-19.xlsx: MATCH
Cholera.xlsx: MATCH
Diphtheria.xlsx: MATCH
HPV.xlsx: MATCH
HepA.xlsx: MATCH
HepB.xlsx: MATCH
Hib.xlsx: MATCH
Influenza.xlsx: MATCH
Japanese Encephalitis.xlsx: MATCH
Measles.xlsx: MATCH
Meningococcal.xlsx: MATCH
Mumps.xlsx: MATCH
Pertussis.xlsx: MATCH
Pneumococcal.xlsx: MATCH
Polio.xlsx: MATCH
Rabies.xlsx: MATCH
Rotavirus.xlsx: MATCH
Rubella.xlsx: MATCH
Tetanus.xlsx: MATCH
Tuberculosis.xlsx: MATCH
Typhoid.xlsx: MATCH
Yellow Fever.xlsx: MATCH
22 workbooks, 0 not round-tripping, matching ones replaced in /home/grey/dev/fhir/cicada/cicada_generator/lib/WHO/antigen.
